nohup: ignoring input
срезы: ['ovary_s0', 'ovary_s1']
качаю overview-таблицу ...
патчей с метками в overview: 9344
распределение по меткам: {'stroma': 5003, 'tumor': 3717, 'undefined': 624}
Note: Environment variable`HF_TOKEN` is set and is the current active token independently from the token you've just configured.
logged in to huggingface
device: cpu
Some datasets params were ignored: ['splits', 'download_size', 'dataset_size']. Make sure to use only valid params for the dataset builder and to have a up-to-date version of the `datasets` library.
  ovary_s0: 2657 патчей -> {'tumor': 1729, 'stroma': 656, 'undefined': 272} -> sthelar_ovary_s0.npz
  ovary_s1: 4000 патчей -> {'tumor': 1654, 'stroma': 2233, 'undefined': 113} -> sthelar_ovary_s1.npz

готово. теперь: python -m src.train
device: cpu
train: ['sthelar_ovary_s0'] | val: ['sthelar_ovary_s1']
/home/vikitosha/hematox_spatial/src/train.py:84: UserWarning: Converting a tensor with requires_grad=True to a scalar may lead to unexpected behavior.
Consider using tensor.detach() first. (Triggered internally at /pytorch/torch/csrc/autograd/generated/python_variable_methods.cpp:838.)
  running += float(loss)
epoch   1  loss 1.1542  val_f1 0.5571
epoch   2  loss 0.7299  val_f1 0.6324
epoch   3  loss 0.5747  val_f1 0.6203
epoch   4  loss 0.5187  val_f1 0.6000
epoch   5  loss 0.4791  val_f1 0.6115
epoch   6  loss 0.4669  val_f1 0.6030
epoch   7  loss 0.4381  val_f1 0.5612
epoch   8  loss 0.3892  val_f1 0.5168
epoch   9  loss 0.4083  val_f1 0.5414
epoch  10  loss 0.3565  val_f1 0.5743
epoch  11  loss 0.3790  val_f1 0.5817
epoch  12  loss 0.3504  val_f1 0.5714
early stop @ 12, best f1 0.6324
saved outputs/models/base_model.pth  (best f1 0.6324)

               precision    recall  f1-score   support

       tumor       0.85      0.93      0.89      1654
      stroma       0.94      0.82      0.88      2233
   undefined       0.10      0.20      0.13       113

    accuracy                           0.85      4000
   macro avg       0.63      0.65      0.63      4000
weighted avg       0.88      0.85      0.86      4000

