nohup: ignoring input
ovary_prime_he: патчей 4000
грузим H&E...
device: cpu | кодируем через UNI...
Note: Environment variable`HF_TOKEN` is set and is the current active token independently from the token you've just configured.
logged in to huggingface
saved data/processed/seg/ovary_prime_he_feat.npz  X=(4000, 196, 1024) y=(4000, 112, 112)
пиксели: {0: 14410058, 1: 11472887, 2: 24293055}
ovary2_he: патчей 4000
грузим H&E...
device: cpu | кодируем через UNI...
Note: Environment variable`HF_TOKEN` is set and is the current active token independently from the token you've just configured.
logged in to huggingface
saved data/processed/seg/ovary2_he_feat.npz  X=(4000, 196, 1024) y=(4000, 112, 112)
пиксели: {0: 7029315, 1: 21289853, 2: 21856832}
ovary3_he: патчей 4000
грузим H&E...
device: cpu | кодируем через UNI...
Note: Environment variable`HF_TOKEN` is set and is the current active token independently from the token you've just configured.
logged in to huggingface
saved data/processed/seg/ovary3_he_feat.npz  X=(4000, 196, 1024) y=(4000, 112, 112)
пиксели: {0: 8937622, 1: 33179462, 2: 8058916}
