nohup: ignoring input
device: cpu | seed: 42 | отбор эпохи: fixed
train ['ovary2_he', 'ovary3_he'] -> 8000 патчей | val ovary_prime_he -> 4000
размечено 84.1% пикселей | веса (опухоль/строма): 0.71 1.29
epoch   1  loss 0.4434  IoU tumor 0.728 stroma 0.874  (mIoU 0.801)
epoch   2  loss 0.4247  IoU tumor 0.707 stroma 0.868  (mIoU 0.787)
epoch   3  loss 0.4195  IoU tumor 0.660 stroma 0.851  (mIoU 0.756)
epoch   4  loss 0.4124  IoU tumor 0.683 stroma 0.849  (mIoU 0.766)
epoch   5  loss 0.4091  IoU tumor 0.711 stroma 0.867  (mIoU 0.789)
epoch   6  loss 0.4030  IoU tumor 0.637 stroma 0.832  (mIoU 0.734)
epoch   7  loss 0.3975  IoU tumor 0.669 stroma 0.839  (mIoU 0.754)
epoch   8  loss 0.3886  IoU tumor 0.544 stroma 0.801  (mIoU 0.673)
epoch   9  loss 0.3804  IoU tumor 0.579 stroma 0.810  (mIoU 0.694)
epoch  10  loss 0.3715  IoU tumor 0.547 stroma 0.802  (mIoU 0.675)
epoch  11  loss 0.3620  IoU tumor 0.563 stroma 0.811  (mIoU 0.687)
epoch  12  loss 0.3477  IoU tumor 0.597 stroma 0.827  (mIoU 0.712)
epoch  13  loss 0.3387  IoU tumor 0.576 stroma 0.803  (mIoU 0.689)
epoch  14  loss 0.3244  IoU tumor 0.552 stroma 0.789  (mIoU 0.670)
epoch  15  loss 0.3100  IoU tumor 0.496 stroma 0.787  (mIoU 0.641)
epoch  16  loss 0.2986  IoU tumor 0.602 stroma 0.809  (mIoU 0.705)
epoch  17  loss 0.2859  IoU tumor 0.625 stroma 0.819  (mIoU 0.722)
epoch  18  loss 0.2688  IoU tumor 0.558 stroma 0.783  (mIoU 0.670)
epoch  19  loss 0.2514  IoU tumor 0.623 stroma 0.821  (mIoU 0.722)
epoch  20  loss 0.2418  IoU tumor 0.523 stroma 0.780  (mIoU 0.651)
epoch  21  loss 0.2242  IoU tumor 0.464 stroma 0.769  (mIoU 0.617)
epoch  22  loss 0.2114  IoU tumor 0.414 stroma 0.751  (mIoU 0.582)
epoch  23  loss 0.1999  IoU tumor 0.521 stroma 0.765  (mIoU 0.643)
epoch  24  loss 0.1901  IoU tumor 0.565 stroma 0.796  (mIoU 0.680)
epoch  25  loss 0.1794  IoU tumor 0.467 stroma 0.770  (mIoU 0.619)
epoch  26  loss 0.1667  IoU tumor 0.534 stroma 0.788  (mIoU 0.661)
epoch  27  loss 0.1554  IoU tumor 0.553 stroma 0.792  (mIoU 0.672)
epoch  28  loss 0.1496  IoU tumor 0.570 stroma 0.791  (mIoU 0.681)
epoch  29  loss 0.1421  IoU tumor 0.575 stroma 0.804  (mIoU 0.689)
epoch  30  loss 0.1340  IoU tumor 0.515 stroma 0.787  (mIoU 0.651)
epoch  31  loss 0.1331  IoU tumor 0.576 stroma 0.794  (mIoU 0.685)
epoch  32  loss 0.1284  IoU tumor 0.534 stroma 0.789  (mIoU 0.662)
epoch  33  loss 0.1150  IoU tumor 0.565 stroma 0.790  (mIoU 0.677)
epoch  34  loss 0.1071  IoU tumor 0.555 stroma 0.792  (mIoU 0.673)
epoch  35  loss 0.1099  IoU tumor 0.532 stroma 0.776  (mIoU 0.654)
epoch  36  loss 0.1010  IoU tumor 0.546 stroma 0.774  (mIoU 0.660)
epoch  37  loss 0.1029  IoU tumor 0.515 stroma 0.775  (mIoU 0.645)
epoch  38  loss 0.0973  IoU tumor 0.556 stroma 0.787  (mIoU 0.672)
epoch  39  loss 0.0926  IoU tumor 0.566 stroma 0.799  (mIoU 0.682)
epoch  40  loss 0.0889  IoU tumor 0.600 stroma 0.806  (mIoU 0.703)

=== val ovary_prime_he ===
  tumor   IoU 0.600  Dice 0.750
  stroma  IoU 0.806  Dice 0.893
  доля стромы в предсказании по размеченному: 0.721
метрики дописаны в outputs/results/seg2_metrics.csv
превью (истина | предсказание): outputs/results/seg2_ovary_prime_he_fixed_preview.png
device: cpu | seed: 42 | отбор эпохи: fixed
train ['ovary_prime_he', 'ovary3_he'] -> 8000 патчей | val ovary2_he -> 4000
размечено 76.7% пикселей | веса (опухоль/строма): 0.84 1.16
epoch   1  loss 0.3454  IoU tumor 0.676 stroma 0.552  (mIoU 0.614)
epoch   2  loss 0.3266  IoU tumor 0.665 stroma 0.525  (mIoU 0.595)
epoch   3  loss 0.3221  IoU tumor 0.687 stroma 0.577  (mIoU 0.632)
epoch   4  loss 0.3196  IoU tumor 0.666 stroma 0.529  (mIoU 0.598)
epoch   5  loss 0.3173  IoU tumor 0.690 stroma 0.581  (mIoU 0.635)
epoch   6  loss 0.3144  IoU tumor 0.639 stroma 0.467  (mIoU 0.553)
epoch   7  loss 0.3113  IoU tumor 0.641 stroma 0.472  (mIoU 0.556)
epoch   8  loss 0.3072  IoU tumor 0.675 stroma 0.553  (mIoU 0.614)
epoch   9  loss 0.3049  IoU tumor 0.660 stroma 0.523  (mIoU 0.592)
epoch  10  loss 0.3003  IoU tumor 0.669 stroma 0.582  (mIoU 0.625)
epoch  11  loss 0.2948  IoU tumor 0.662 stroma 0.531  (mIoU 0.597)
epoch  12  loss 0.2893  IoU tumor 0.670 stroma 0.575  (mIoU 0.623)
epoch  13  loss 0.2804  IoU tumor 0.605 stroma 0.532  (mIoU 0.569)
epoch  14  loss 0.2731  IoU tumor 0.655 stroma 0.545  (mIoU 0.600)
epoch  15  loss 0.2649  IoU tumor 0.646 stroma 0.570  (mIoU 0.608)
epoch  16  loss 0.2571  IoU tumor 0.593 stroma 0.530  (mIoU 0.561)
epoch  17  loss 0.2486  IoU tumor 0.645 stroma 0.540  (mIoU 0.592)
epoch  18  loss 0.2342  IoU tumor 0.655 stroma 0.535  (mIoU 0.595)
epoch  19  loss 0.2200  IoU tumor 0.616 stroma 0.486  (mIoU 0.551)
epoch  20  loss 0.2135  IoU tumor 0.627 stroma 0.501  (mIoU 0.564)
epoch  21  loss 0.1984  IoU tumor 0.650 stroma 0.591  (mIoU 0.620)
epoch  22  loss 0.1859  IoU tumor 0.633 stroma 0.526  (mIoU 0.579)
epoch  23  loss 0.1751  IoU tumor 0.614 stroma 0.474  (mIoU 0.544)
epoch  24  loss 0.1618  IoU tumor 0.635 stroma 0.557  (mIoU 0.596)
epoch  25  loss 0.1542  IoU tumor 0.630 stroma 0.511  (mIoU 0.570)
epoch  26  loss 0.1399  IoU tumor 0.621 stroma 0.536  (mIoU 0.579)
epoch  27  loss 0.1330  IoU tumor 0.643 stroma 0.555  (mIoU 0.599)
epoch  28  loss 0.1253  IoU tumor 0.638 stroma 0.541  (mIoU 0.589)
epoch  29  loss 0.1182  IoU tumor 0.628 stroma 0.550  (mIoU 0.589)
epoch  30  loss 0.1066  IoU tumor 0.628 stroma 0.514  (mIoU 0.571)
epoch  31  loss 0.1013  IoU tumor 0.555 stroma 0.497  (mIoU 0.526)
epoch  32  loss 0.0956  IoU tumor 0.617 stroma 0.510  (mIoU 0.564)
epoch  33  loss 0.0848  IoU tumor 0.624 stroma 0.516  (mIoU 0.570)
epoch  34  loss 0.0804  IoU tumor 0.610 stroma 0.536  (mIoU 0.573)
epoch  35  loss 0.0812  IoU tumor 0.622 stroma 0.521  (mIoU 0.572)
epoch  36  loss 0.0693  IoU tumor 0.619 stroma 0.523  (mIoU 0.571)
epoch  37  loss 0.0700  IoU tumor 0.611 stroma 0.507  (mIoU 0.559)
epoch  38  loss 0.0630  IoU tumor 0.627 stroma 0.524  (mIoU 0.576)
epoch  39  loss 0.0580  IoU tumor 0.602 stroma 0.493  (mIoU 0.548)
epoch  40  loss 0.0615  IoU tumor 0.594 stroma 0.498  (mIoU 0.546)

=== val ovary2_he ===
  tumor   IoU 0.594  Dice 0.745
  stroma  IoU 0.498  Dice 0.665
  доля стромы в предсказании по размеченному: 0.358
метрики дописаны в outputs/results/seg2_metrics.csv
превью (истина | предсказание): outputs/results/seg2_ovary2_he_fixed_preview.png
device: cpu | seed: 42 | отбор эпохи: fixed
train ['ovary_prime_he', 'ovary2_he'] -> 8000 патчей | val ovary3_he -> 4000
размечено 78.6% пикселей | веса (опухоль/строма): 1.17 0.83
epoch   1  loss 0.2323  IoU tumor 0.712 stroma 0.088  (mIoU 0.400)
epoch   2  loss 0.1958  IoU tumor 0.706 stroma 0.096  (mIoU 0.401)
epoch   3  loss 0.1851  IoU tumor 0.620 stroma 0.134  (mIoU 0.377)
epoch   4  loss 0.1788  IoU tumor 0.635 stroma 0.129  (mIoU 0.382)
epoch   5  loss 0.1706  IoU tumor 0.644 stroma 0.124  (mIoU 0.384)
epoch   6  loss 0.1641  IoU tumor 0.652 stroma 0.120  (mIoU 0.386)
epoch   7  loss 0.1545  IoU tumor 0.629 stroma 0.131  (mIoU 0.380)
epoch   8  loss 0.1487  IoU tumor 0.599 stroma 0.137  (mIoU 0.368)
epoch   9  loss 0.1386  IoU tumor 0.607 stroma 0.137  (mIoU 0.372)
epoch  10  loss 0.1324  IoU tumor 0.626 stroma 0.132  (mIoU 0.379)
epoch  11  loss 0.1241  IoU tumor 0.636 stroma 0.128  (mIoU 0.382)
epoch  12  loss 0.1181  IoU tumor 0.628 stroma 0.129  (mIoU 0.379)
epoch  13  loss 0.1111  IoU tumor 0.589 stroma 0.141  (mIoU 0.365)
epoch  14  loss 0.1056  IoU tumor 0.601 stroma 0.139  (mIoU 0.370)
epoch  15  loss 0.0995  IoU tumor 0.617 stroma 0.137  (mIoU 0.377)
epoch  16  loss 0.0947  IoU tumor 0.636 stroma 0.128  (mIoU 0.382)
epoch  17  loss 0.0884  IoU tumor 0.613 stroma 0.139  (mIoU 0.376)
epoch  18  loss 0.0845  IoU tumor 0.585 stroma 0.142  (mIoU 0.364)
epoch  19  loss 0.0815  IoU tumor 0.629 stroma 0.132  (mIoU 0.380)
epoch  20  loss 0.0787  IoU tumor 0.610 stroma 0.139  (mIoU 0.374)
epoch  21  loss 0.0748  IoU tumor 0.603 stroma 0.141  (mIoU 0.372)
epoch  22  loss 0.0708  IoU tumor 0.611 stroma 0.140  (mIoU 0.375)
epoch  23  loss 0.0680  IoU tumor 0.606 stroma 0.140  (mIoU 0.373)
epoch  24  loss 0.0646  IoU tumor 0.578 stroma 0.146  (mIoU 0.362)
epoch  25  loss 0.0638  IoU tumor 0.600 stroma 0.141  (mIoU 0.370)
epoch  26  loss 0.0629  IoU tumor 0.601 stroma 0.142  (mIoU 0.372)
epoch  27  loss 0.0589  IoU tumor 0.607 stroma 0.139  (mIoU 0.373)
epoch  28  loss 0.0589  IoU tumor 0.578 stroma 0.147  (mIoU 0.362)
epoch  29  loss 0.0572  IoU tumor 0.592 stroma 0.143  (mIoU 0.368)
epoch  30  loss 0.0558  IoU tumor 0.571 stroma 0.148  (mIoU 0.360)
epoch  31  loss 0.0530  IoU tumor 0.574 stroma 0.147  (mIoU 0.360)
epoch  32  loss 0.0522  IoU tumor 0.608 stroma 0.141  (mIoU 0.375)
epoch  33  loss 0.0514  IoU tumor 0.593 stroma 0.143  (mIoU 0.368)
epoch  34  loss 0.0505  IoU tumor 0.588 stroma 0.146  (mIoU 0.367)
epoch  35  loss 0.0483  IoU tumor 0.599 stroma 0.142  (mIoU 0.370)
epoch  36  loss 0.0486  IoU tumor 0.582 stroma 0.147  (mIoU 0.364)
epoch  37  loss 0.0473  IoU tumor 0.598 stroma 0.144  (mIoU 0.371)
epoch  38  loss 0.0456  IoU tumor 0.585 stroma 0.146  (mIoU 0.366)
epoch  39  loss 0.0446  IoU tumor 0.599 stroma 0.142  (mIoU 0.371)
epoch  40  loss 0.0446  IoU tumor 0.567 stroma 0.149  (mIoU 0.358)

=== val ovary3_he ===
  tumor   IoU 0.567  Dice 0.724
  stroma  IoU 0.149  Dice 0.260
  доля стромы в предсказании по размеченному: 0.348
метрики дописаны в outputs/results/seg2_metrics.csv
превью (истина | предсказание): outputs/results/seg2_ovary3_he_fixed_preview.png
