nohup: ignoring input
Note: Environment variable`HF_TOKEN` is set and is the current active token independently from the token you've just configured.
logged in to huggingface
device: cpu
срезов: 41
  [1/41] TCGA-13-A5FT: TSP стромы 0.442 (1500 патчей)
  [2] TCGA-13-A5FU-01Z-00-DX1.9AD9E4B9-3F87-4879-BC0F-148B12C09036.svs: ошибка Unsupported or missing image file
  [3/41] TCGA-23-1021: TSP стромы 0.253 (1500 патчей)
  [4/41] TCGA-23-1022: TSP стромы 0.713 (1500 патчей)
  [5/41] TCGA-23-1027: TSP стромы 0.745 (1500 патчей)
  [6/41] TCGA-23-1028: TSP стромы 0.861 (1500 патчей)
  [7/41] TCGA-23-1029: TSP стромы 0.624 (1500 патчей)
  [8/41] TCGA-23-1031: TSP стромы 0.539 (1500 патчей)
  [9/41] TCGA-23-1032: TSP стромы 0.454 (1500 патчей)
  [10/41] TCGA-23-1111: TSP стромы 0.579 (1500 патчей)
  [11/41] TCGA-23-1113: TSP стромы 0.655 (1500 патчей)
  [12/41] TCGA-23-1118: TSP стромы 0.948 (1500 патчей)
  [13] TCGA-23-2077-01Z-00-DX1.9EB664FA-CC13-4A49-89BA-8A4573CE48F1.svs: ошибка Unsupported or missing image file
  [14/41] TCGA-23-2078: TSP стромы 0.855 (1500 патчей)
  [15/41] TCGA-23-2079: TSP стромы 0.387 (1500 патчей)
  [16/41] TCGA-23-2081: TSP стромы 0.861 (1500 патчей)
  [17/41] TCGA-23-2084: TSP стромы 0.809 (1500 патчей)
  [18/41] TCGA-23-2643: TSP стромы 0.667 (1500 патчей)
  [19/41] TCGA-23-2649: TSP стромы 0.591 (1500 патчей)
  [20/41] TCGA-42-2582: TSP стромы 0.572 (1500 патчей)
  [21/41] TCGA-42-2587: TSP стромы 0.268 (1500 патчей)
  [22/41] TCGA-42-2588: TSP стромы 0.752 (1500 патчей)
  [23/41] TCGA-42-2589: TSP стромы 0.453 (1500 патчей)
  [24/41] TCGA-42-2590: TSP стромы 0.507 (1500 патчей)
  [25/41] TCGA-42-2591: TSP стромы 0.549 (1500 патчей)
  [26/41] TCGA-42-2593: TSP стромы 0.514 (1500 патчей)
  [27/41] TCGA-57-1582: TSP стромы 0.641 (1500 патчей)
  [28/41] TCGA-57-1582: TSP стромы 0.641 (1500 патчей)
  [29/41] TCGA-57-1583: TSP стромы 0.153 (1500 патчей)
  [30/41] TCGA-57-1585: TSP стромы 0.564 (1500 патчей)
  [31/41] TCGA-57-1586: TSP стромы 0.233 (1500 патчей)
  [32/41] TCGA-57-1992: TSP стромы 0.461 (1500 патчей)
  [33/41] TCGA-57-1993: TSP стромы 0.383 (1500 патчей)
  [34/41] TCGA-57-1994: TSP стромы 0.339 (1500 патчей)
  [35/41] TCGA-59-A5PD: TSP стромы 0.851 (1500 патчей)
  [36/41] TCGA-5X-AA5U: TSP стромы 0.729 (1500 патчей)
  [37/41] TCGA-OY-A56P: TSP стромы 0.104 (1500 патчей)
  [38/41] TCGA-OY-A56Q: TSP стромы 0.031 (1500 патчей)
  [39/41] TCGA-VG-A8LO: TSP стромы 0.557 (1500 патчей)
  [40/41] TCGA-VG-A8LO: TSP стромы 0.409 (1500 патчей)
  [41/41] TCGA-WR-A838: TSP стромы 0.586 (1500 патчей)

сохранено: outputs/results/tcga_ov_tsp.csv  срезов: 39
медиана TSP: 0.564 | доля высокострома (>0.5): 0.641
